// Jest Snapshot v1, https://goo.gl/fbAQLP

exports[`RotationView Component basic render 1`] = `
<View
  collapsable={undefined}
  style={
    Object {
      "transform": Array [
        Object {
          "rotate": "0deg",
        },
      ],
    }
  }
/>
`;

exports[`RotationView Component basic render 2`] = `
<View
  collapsable={undefined}
  style={
    Object {
      "transform": Array [
        Object {
          "rotate": "0deg",
        },
      ],
    }
  }
/>
`;
