// Jest Snapshot v1, https://goo.gl/fbAQLP

exports[`Swipeout Component basic render 1`] = `
<View
  style={
    Array [
      Object {
        "backgroundColor": "#dbddde",
        "overflow": "hidden",
      },
      undefined,
      Array [
        Object {
          "backgroundColor": "#fff",
        },
      ],
    ]
  }
>
  <View
    collapsable={undefined}
    style={
      Object {
        "left": 0,
      }
    }
  >
    <View
      onLayout={[Function]}
      onMoveShouldSetResponder={[Function]}
      onMoveShouldSetResponderCapture={[Function]}
      onResponderEnd={[Function]}
      onResponderGrant={[Function]}
      onResponderMove={[Function]}
      onResponderReject={[Function]}
      onResponderRelease={[Function]}
      onResponderStart={[Function]}
      onResponderTerminate={[Function]}
      onResponderTerminationRequest={[Function]}
      onStartShouldSetResponder={[Function]}
      onStartShouldSetResponderCapture={[Function]}
    >
      <View />
    </View>
  </View>
</View>
`;
