// Jest Snapshot v1, https://goo.gl/fbAQLP

exports[`ModalView Component basic render 1`] = `
<Modal
  animationType="fade"
  hardwareAccelerated={false}
  onRequestClose={[Function]}
  onShow={undefined}
  transparent={true}
  visible={false}
>
  <View
    style={
      Array [
        Object {
          "flex": 1,
        },
        Object {
          "justifyContent": "flex-end",
        },
      ]
    }
  >
    <View
      onMoveShouldSetResponder={[Function]}
      onMoveShouldSetResponderCapture={[Function]}
      onResponderEnd={[Function]}
      onResponderGrant={[Function]}
      onResponderMove={[Function]}
      onResponderReject={[Function]}
      onResponderRelease={[Function]}
      onResponderStart={[Function]}
      onResponderTerminate={[Function]}
      onResponderTerminationRequest={[Function]}
      onStartShouldSetResponder={[Function]}
      onStartShouldSetResponderCapture={[Function]}
      style={
        Object {
          "backgroundColor": "rgba(0, 0, 0, 0.5)",
          "bottom": 0,
          "height": 1334,
          "left": 0,
          "position": "absolute",
          "right": 0,
          "top": 0,
          "width": 750,
        }
      }
    />
    <View
      style={
        Object {
          "position": "absolute",
          "width": 750,
        }
      }
    />
  </View>
</Modal>
`;
