// Jest Snapshot v1, https://goo.gl/fbAQLP

exports[`TYText Component basic render 1`] = `
<Text
  accessible={true}
  allowFontScaling={false}
  ellipsizeMode="tail"
  style={
    Array [
      Object {
        "color": "#fff",
        "fontSize": 16,
      },
      undefined,
    ]
  }
/>
`;
